============================= test session starts =============================
platform win32 -- Python 3.13.13, pytest-9.1.1, pluggy-1.6.0 -- C:\Users\moham\Desktop\juman\backend\.venv\Scripts\python.exe
rootdir: C:\Users\moham\Desktop\juman\backend
configfile: pyproject.toml
plugins: anyio-4.14.2, asyncio-1.4.0, cov-7.1.0
asyncio: mode=Mode.AUTO, debug=False, asyncio_default_fixture_loop_scope=function, asyncio_default_test_loop_scope=function
collecting ... collected 1 item

tests/integration/test_full_lifecycle.py::test_full_reservation_to_settlement_chain FAILED [100%]

================================== FAILURES ===================================
__________________ test_full_reservation_to_settlement_chain __________________
tests\integration\test_full_lifecycle.py:178: in test_full_reservation_to_settlement_chain
    assert refreshed_rental.estimated_total == 12_000 * 2  # 2 days, unaffected by price change
    ^^^^^^^^^^^^^^^^^^^^^^^^^^^^^^^^^^^^^^^^^^^^^^^^^^^^^
E   AssertionError: assert 564000 == (12000 * 2)
E    +  where 564000 = <Rental number='RENT-00000001' status='ACTIVE' customer_id=UUID('6eede6a6-7f70-4a0b-8493-b2d6cc1a1965')>.estimated_total
============================== warnings summary ===============================
.venv\Lib\site-packages\fastapi\testclient.py:1
  C:\Users\moham\Desktop\juman\backend\.venv\Lib\site-packages\fastapi\testclient.py:1: StarletteDeprecationWarning: Using `httpx` with `starlette.testclient` is deprecated; install `httpx2` instead.
    from starlette.testclient import TestClient as TestClient  # noqa

-- Docs: https://docs.pytest.org/en/stable/how-to/capture-warnings.html
=========================== short test summary info ===========================
FAILED tests/integration/test_full_lifecycle.py::test_full_reservation_to_settlement_chain
======================== 1 failed, 1 warning in 2.20s =========================
