============================= test session starts =============================
platform win32 -- Python 3.13.13, pytest-9.1.1, pluggy-1.6.0 -- C:\Users\moham\Desktop\juman\backend\.venv\Scripts\python.exe
rootdir: C:\Users\moham\Desktop\juman\backend
configfile: pyproject.toml
plugins: anyio-4.14.2, asyncio-1.4.0, cov-7.1.0
asyncio: mode=Mode.AUTO, debug=False, asyncio_default_fixture_loop_scope=function, asyncio_default_test_loop_scope=function
collecting ... collected 1 item

tests/integration/test_full_lifecycle.py::test_full_reservation_to_settlement_chain FAILED [100%]

================================== FAILURES ===================================
__________________ test_full_reservation_to_settlement_chain __________________

db_session = <sqlalchemy.ext.asyncio.session.AsyncSession object at 0x00000185E9DBB770>
category_service = <app.modules.categories.services.category.CategoryService object at 0x00000185EA320AD0>
customer_service = <app.modules.customers.services.customer.CustomerService object at 0x00000185EA322BA0>
dress_service = <app.modules.inventory.services.dress.DressService object at 0x00000185EA3230E0>
reservation_service = <app.modules.reservations.services.reservation.ReservationService object at 0x00000185EA323A10>
rental_service = <app.modules.rentals.services.rental.RentalService object at 0x00000185EA323B60>
return_service = <app.modules.returns.services.return_service.ReturnService object at 0x00000185EA7681A0>
inspection_service = <app.modules.inspection.services.inspection.InspectionService object at 0x00000185EA7686E0>
processing_service = <app.modules.processing.services.processing.ProcessingService object at 0x00000185EA768C20>
settlement_service = <app.modules.settlements.services.settlement.SettlementService object at 0x00000185EA769160>
calendar_service = <app.modules.calendar.services.calendar.CalendarService object at 0x00000185EA323230>

    @pytest.mark.asyncio
    async def test_full_reservation_to_settlement_chain(
        db_session: AsyncSession,
        category_service,
        customer_service,
        dress_service: DressService,
        reservation_service: ReservationService,
        rental_service: RentalService,
        return_service: ReturnService,
        inspection_service: InspectionService,
        processing_service: ProcessingService,
        settlement_service: SettlementService,
        calendar_service: CalendarService,
    ) -> None:
        # --- Workflow A: inventory -> reservation ---------------------------
        category = await category_service.create_category(name_ar="sahra", name_en="Evening")
    
        dress = await dress_service.create_dress(
            category_id=category.id,
            name_ar="fostan ahmar",
            size="M",
            colour="RED",
            purchase_price=50_000,
            default_daily_rental_price=10_000,
            default_sale_price=200_000,
        )
        assert dress.barcode is not None
    
        with pytest.raises(ValidationError):
            await dress_service.create_dress(
                category_id=category.id,
                name_ar="",
                size="M",
                colour="RED",
                purchase_price=1,
                default_daily_rental_price=1,
                default_sale_price=1,
            )
    
        dress_status = DressStatusService(db_session)
        assert await dress_status.get_current_status(dress.id) == DressStatus.AVAILABLE.value
    
        customer = await customer_service.create_customer(
            full_name="Sara Ahmed",
            phone="07701234567",
            address="Baghdad - Karrada",
        )
        assert customer.full_name == "Sara Ahmed"
        assert customer.phone == "07701234567"
        assert customer.address == "Baghdad - Karrada"
    
        reservation_at = utc(2026, 9, 1)
        rental_start_at = utc(2026, 9, 10, 10)
        expected_return_at = utc(2026, 9, 12, 10)
        assert reservation_at != rental_start_at
    
        draft = await reservation_service.create(
            customer_id=customer.id,
            reservation_at=reservation_at,
            rental_start_at=rental_start_at,
            expected_return_at=expected_return_at,
            items=[{"dress_id": dress.id, "reserved_daily_rental_price": 12_000}],
        )
        confirmed = await reservation_service.confirm(draft.id)
        assert confirmed.status == ReservationStatus.CONFIRMED.value
        assert await dress_status.get_current_status(dress.id) == DressStatus.RESERVED.value
    
        live_item = [i for i in confirmed.items if not i.is_deleted][0]
        assert live_item.calendar_block_id is not None
        block = await calendar_service.get_block(live_item.calendar_block_id)
        assert block.block_type == CalendarBlockType.RESERVATION.value
    
        # A second draft may be created for an overlapping window (drafts hold no
        # calendar block yet), but confirming it must be rejected once the dress
        # is already reserved for that interval.
        conflicting_draft = await reservation_service.create(
            customer_id=customer.id,
            reservation_at=reservation_at,
            rental_start_at=rental_start_at + timedelta(hours=2),
            expected_return_at=expected_return_at,
            items=[{"dress_id": dress.id}],
        )
        with pytest.raises(ConflictError):
            await reservation_service.confirm(conflicting_draft.id)
    
        # A separate reservation can be cancelled and its effects reversed.
        throwaway_start = utc(2026, 9, 20, 10)
        throwaway_end = utc(2026, 9, 21, 10)
        throwaway = await reservation_service.create(
            customer_id=customer.id,
            reservation_at=utc(2026, 9, 15),
            rental_start_at=throwaway_start,
            expected_return_at=throwaway_end,
            items=[{"dress_id": dress.id}],
        )
>       throwaway = await reservation_service.confirm(throwaway.id)
                    ^^^^^^^^^^^^^^^^^^^^^^^^^^^^^^^^^^^^^^^^^^^^^^^

tests\integration\test_full_lifecycle.py:133: 
_ _ _ _ _ _ _ _ _ _ _ _ _ _ _ _ _ _ _ _ _ _ _ _ _ _ _ _ _ _ _ _ _ _ _ _ _ _ _ _

self = <app.modules.reservations.services.reservation.ReservationService object at 0x00000185EA323A10>
reservation_id = UUID('d3ed4125-9cf9-41d8-82d2-a141518f06b8'), actor_id = None
actor_username = None, ip_address = None

    async def confirm(
        self,
        reservation_id: UUID,
        *,
        actor_id: UUID | None = None,
        actor_username: str | None = None,
        ip_address: str | None = None,
    ) -> Reservation:
        """Confirm draft: calendar RESERVATION blocks + AVAILABLE\u2192RESERVED."""
        reservation = await self.get(reservation_id)
        if reservation.status != ReservationStatus.DRAFT.value:
            raise ValidationError(
                "\u064a\u0645\u0643\u0646 \u062a\u0623\u0643\u064a\u062f \u0627\u0644\u062d\u062c\u0648\u0632\u0627\u062a \u0627\u0644\u0645\u0633\u0648\u062f\u0629 \u0641\u0642\u0637",
                details={"status": reservation.status},
            )
        live_items = await self._load_live_items(reservation.id)
        if not live_items:
            raise ValidationError("\u064a\u062c\u0628 \u0623\u0646 \u064a\u062d\u062a\u0648\u064a \u0627\u0644\u062d\u062c\u0632 \u0639\u0644\u0649 \u0641\u0633\u062a\u0627\u0646 \u0648\u0627\u062d\u062f \u0639\u0644\u0649 \u0627\u0644\u0623\u0642\u0644")
    
        await self._require_customer(reservation.customer_id)
        start = ensure_utc(reservation.rental_start_at)
        end = ensure_utc(reservation.expected_return_at)
        _validate_dates(ensure_utc(reservation.reservation_at), start, end)
    
        for item in live_items:
            await self._require_dress(item.dress_id)
            available = await self.calendar.is_available(item.dress_id, start, end)
            if not available:
                conflicts = await self.calendar.get_conflicts(item.dress_id, start, end)
                raise ConflictError(
                    "\u0627\u0644\u0641\u0633\u062a\u0627\u0646 \u063a\u064a\u0631 \u0645\u062a\u0627\u062d \u0641\u064a \u0627\u0644\u0641\u062a\u0631\u0629 \u0627\u0644\u0645\u0637\u0644\u0648\u0628\u0629",
                    details={
                        "dress_id": str(item.dress_id),
                        "conflicts": [c.as_dict() for c in conflicts],
                    },
                )
    
        old_values = _snapshot(reservation, live_items)
    
        for item in live_items:
            block = await self.calendar.create_block(
                dress_id=item.dress_id,
                block_type=CalendarBlockType.RESERVATION,
                start_at=start,
                end_at=end,
                reference_module="reservation",
                reference_id=reservation.id,
                notes=f"\u062d\u062c\u0632 {reservation.reservation_number}",
                actor_id=actor_id,
                actor_username=actor_username,
                ip_address=ip_address,
            )
            await self.items.update_fields(
                item,
                calendar_block_id=block.id,
                updated_by=actor_id,
                updated_at=utc_now(),
            )
>           await self.dress_status.change_status(
                item.dress_id,
                DressStatus.RESERVED,
                reason=f"\u062a\u0623\u0643\u064a\u062f \u0627\u0644\u062d\u062c\u0632 {reservation.reservation_number}",
                actor_id=actor_id,
                actor_username=actor_username,
                ip_address=ip_address,
            )

app\modules\reservations\services\reservation.py:459: 
_ _ _ _ _ _ _ _ _ _ _ _ _ _ _ _ _ _ _ _ _ _ _ _ _ _ _ _ _ _ _ _ _ _ _ _ _ _ _ _

self = <app.modules.inventory.services.dress_status.DressStatusService object at 0x00000185EA3234D0>
dress_id = UUID('26a5c0c7-33d9-4d80-8f55-ef4f36b6bc33')
new_status = <DressStatus.RESERVED: 'RESERVED'>
reason = '\u062a\u0623\u0643\u064a\u062f \u0627\u0644\u062d\u062c\u0632 RSV-00000003', actor_id = None, actor_username = None
ip_address = None

    async def change_status(
        self,
        dress_id: UUID,
        new_status: str | DressStatus,
        *,
        reason: str | None = None,
        actor_id: UUID | None = None,
        actor_username: str | None = None,
        ip_address: str | None = None,
    ) -> StatusChangeResult:
        """Apply an allowed status transition and record audit."""
        dress = await self._require_dress(dress_id)
        previous = self._as_status(dress.status)
>       _, target = self.validate_transition(previous, new_status)
                    ^^^^^^^^^^^^^^^^^^^^^^^^^^^^^^^^^^^^^^^^^^^^^^

app\modules\inventory\services\dress_status.py:134: 
_ _ _ _ _ _ _ _ _ _ _ _ _ _ _ _ _ _ _ _ _ _ _ _ _ _ _ _ _ _ _ _ _ _ _ _ _ _ _ _

self = <app.modules.inventory.services.dress_status.DressStatusService object at 0x00000185EA3234D0>
from_status = <DressStatus.RESERVED: 'RESERVED'>
to_status = <DressStatus.RESERVED: 'RESERVED'>

    def validate_transition(
        self,
        from_status: str | DressStatus,
        to_status: str | DressStatus,
    ) -> tuple[DressStatus, DressStatus]:
        """Validate a transition; return normalized (from, to) or raise."""
        current = self._as_status(from_status)
        target = self._as_status(to_status)
    
        if current == DressStatus.RETURNED or target == DressStatus.RETURNED:
            raise ValidationError(
                "\u062d\u0627\u0644\u0629 RETURNED \u063a\u064a\u0631 \u0645\u062f\u0639\u0648\u0645\u0629 \u0641\u064a \u0645\u062d\u0631\u0643 \u0627\u0644\u062d\u0627\u0644\u0629 \u0627\u0644\u062d\u0627\u0644\u064a",
                details={
                    "field": "new_status",
                    "from": current.value,
                    "to": target.value,
                },
            )
    
        if current == target:
>           raise ValidationError(
                "\u0627\u0644\u062d\u0627\u0644\u0629 \u0627\u0644\u062c\u062f\u064a\u062f\u0629 \u0645\u0637\u0627\u0628\u0642\u0629 \u0644\u0644\u062d\u0627\u0644\u0629 \u0627\u0644\u062d\u0627\u0644\u064a\u0629",
                details={
                    "field": "new_status",
                    "from": current.value,
                    "to": target.value,
                },
            )
E           app.exceptions.http.ValidationError: \u0627\u0644\u062d\u0627\u0644\u0629 \u0627\u0644\u062c\u062f\u064a\u062f\u0629 \u0645\u0637\u0627\u0628\u0642\u0629 \u0644\u0644\u062d\u0627\u0644\u0629 \u0627\u0644\u062d\u0627\u0644\u064a\u0629

app\modules\inventory\services\dress_status.py:89: ValidationError
============================== warnings summary ===============================
.venv\Lib\site-packages\fastapi\testclient.py:1
  C:\Users\moham\Desktop\juman\backend\.venv\Lib\site-packages\fastapi\testclient.py:1: StarletteDeprecationWarning: Using `httpx` with `starlette.testclient` is deprecated; install `httpx2` instead.
    from starlette.testclient import TestClient as TestClient  # noqa

-- Docs: https://docs.pytest.org/en/stable/how-to/capture-warnings.html
=========================== short test summary info ===========================
FAILED tests/integration/test_full_lifecycle.py::test_full_reservation_to_settlement_chain
======================== 1 failed, 1 warning in 2.21s =========================
