============================= test session starts =============================
platform win32 -- Python 3.13.13, pytest-9.1.1, pluggy-1.6.0 -- C:\Users\moham\Desktop\juman\backend\.venv\Scripts\python.exe
rootdir: C:\Users\moham\Desktop\juman\backend
configfile: pyproject.toml
plugins: anyio-4.14.2, asyncio-1.4.0, cov-7.1.0
asyncio: mode=Mode.AUTO, debug=False, asyncio_default_fixture_loop_scope=function, asyncio_default_test_loop_scope=function
collecting ... collected 1 item

tests/integration/test_full_lifecycle.py::test_full_reservation_to_settlement_chain FAILED [100%]

================================== FAILURES ===================================
__________________ test_full_reservation_to_settlement_chain __________________
tests\integration\test_full_lifecycle.py:351: in test_full_reservation_to_settlement_chain
    assert total > 0, f"expected audit rows for {module}:{entity_id}"
E   AssertionError: expected audit rows for settlements:9cd168d5-0a5c-45ce-b0b8-8c6b820c35fb
E   assert 0 > 0
============================== warnings summary ===============================
.venv\Lib\site-packages\fastapi\testclient.py:1
  C:\Users\moham\Desktop\juman\backend\.venv\Lib\site-packages\fastapi\testclient.py:1: StarletteDeprecationWarning: Using `httpx` with `starlette.testclient` is deprecated; install `httpx2` instead.
    from starlette.testclient import TestClient as TestClient  # noqa

-- Docs: https://docs.pytest.org/en/stable/how-to/capture-warnings.html
=========================== short test summary info ===========================
FAILED tests/integration/test_full_lifecycle.py::test_full_reservation_to_settlement_chain
======================== 1 failed, 1 warning in 2.72s =========================
