============================= test session starts =============================
platform win32 -- Python 3.13.13, pytest-9.1.1, pluggy-1.6.0 -- C:\Users\moham\Desktop\juman\backend\.venv\Scripts\python.exe
rootdir: C:\Users\moham\Desktop\juman\backend
configfile: pyproject.toml
plugins: anyio-4.14.2, asyncio-1.4.0, cov-7.1.0
asyncio: mode=Mode.AUTO, debug=False, asyncio_default_fixture_loop_scope=function, asyncio_default_test_loop_scope=function
collecting ... collected 1 item

tests/integration/test_full_lifecycle.py::test_full_reservation_to_settlement_chain FAILED [100%]

================================== FAILURES ===================================
__________________ test_full_reservation_to_settlement_chain __________________

db_session = <sqlalchemy.ext.asyncio.session.AsyncSession object at 0x00000177D56A3770>
category_service = <app.modules.categories.services.category.CategoryService object at 0x00000177D5BD0AD0>
customer_service = <app.modules.customers.services.customer.CustomerService object at 0x00000177D5BD2BA0>
dress_service = <app.modules.inventory.services.dress.DressService object at 0x00000177D5BD30E0>
reservation_service = <app.modules.reservations.services.reservation.ReservationService object at 0x00000177D5BD3A10>
rental_service = <app.modules.rentals.services.rental.RentalService object at 0x00000177D5BD3B60>
return_service = <app.modules.returns.services.return_service.ReturnService object at 0x00000177D5FBC1A0>
inspection_service = <app.modules.inspection.services.inspection.InspectionService object at 0x00000177D5FBC6E0>
processing_service = <app.modules.processing.services.processing.ProcessingService object at 0x00000177D5FBCC20>
settlement_service = <app.modules.settlements.services.settlement.SettlementService object at 0x00000177D5FBD160>
calendar_service = <app.modules.calendar.services.calendar.CalendarService object at 0x00000177D5BD3230>

    @pytest.mark.asyncio
    async def test_full_reservation_to_settlement_chain(
        db_session: AsyncSession,
        category_service,
        customer_service,
        dress_service: DressService,
        reservation_service: ReservationService,
        rental_service: RentalService,
        return_service: ReturnService,
        inspection_service: InspectionService,
        processing_service: ProcessingService,
        settlement_service: SettlementService,
        calendar_service: CalendarService,
    ) -> None:
        # --- Workflow A: inventory -> reservation ---------------------------
        category = await category_service.create_category(name_ar="\u0633\u0647\u0631\u0629", name_en="Evening")
    
        dress = await dress_service.create_dress(
            category_id=category.id,
            name_ar="\u0641\u0633\u062a\u0627\u0646 \u0623\u062d\u0645\u0631",
            size="M",
            colour="RED",
            purchase_price=50_000,
            default_daily_rental_price=10_000,
            default_sale_price=200_000,
        )
        assert dress.barcode is not None
    
        with pytest.raises(ValidationError):
            await dress_service.create_dress(
                category_id=category.id,
                name_ar="",
                size="M",
                colour="RED",
                purchase_price=1,
                default_daily_rental_price=1,
                default_sale_price=1,
            )
    
        dress_status = DressStatusService(db_session)
        assert await dress_status.get_current_status(dress.id) == DressStatus.AVAILABLE.value
    
        customer = await customer_service.create_customer(
            full_name="\u0633\u0627\u0631\u0629 \u0623\u062d\u0645\u062f",
            phone="07701234567",
            address="\u0628\u063a\u062f\u0627\u062f - \u0627\u0644\u0643\u0631\u0627\u062f\u0629",
        )
        assert customer.full_name == "\u0633\u0627\u0631\u0629 \u0623\u062d\u0645\u062f"
        assert customer.phone == "07701234567"
        assert customer.address == "\u0628\u063a\u062f\u0627\u062f - \u0627\u0644\u0643\u0631\u0627\u062f\u0629"
    
        reservation_at = utc(2026, 9, 1)
        rental_start_at = utc(2026, 9, 10, 10)
        expected_return_at = utc(2026, 9, 12, 10)
        assert reservation_at != rental_start_at
    
        draft = await reservation_service.create(
            customer_id=customer.id,
            reservation_at=reservation_at,
            rental_start_at=rental_start_at,
            expected_return_at=expected_return_at,
            items=[{"dress_id": dress.id, "reserved_daily_rental_price": 12_000}],
        )
        confirmed = await reservation_service.confirm(draft.id)
        assert confirmed.status == ReservationStatus.CONFIRMED.value
        assert await dress_status.get_current_status(dress.id) == DressStatus.RESERVED.value
    
        live_item = [i for i in confirmed.items if not i.is_deleted][0]
        assert live_item.calendar_block_id is not None
        block = await calendar_service.get_block(live_item.calendar_block_id)
        assert block.block_type == CalendarBlockType.RESERVATION.value
    
        # Conflicting reservation on the same dress/window must be rejected.
>       with pytest.raises(ConflictError):
             ^^^^^^^^^^^^^^^^^^^^^^^^^^^^
E       Failed: DID NOT RAISE ConflictError

tests\integration\test_full_lifecycle.py:112: Failed
============================== warnings summary ===============================
.venv\Lib\site-packages\fastapi\testclient.py:1
  C:\Users\moham\Desktop\juman\backend\.venv\Lib\site-packages\fastapi\testclient.py:1: StarletteDeprecationWarning: Using `httpx` with `starlette.testclient` is deprecated; install `httpx2` instead.
    from starlette.testclient import TestClient as TestClient  # noqa

-- Docs: https://docs.pytest.org/en/stable/how-to/capture-warnings.html
=========================== short test summary info ===========================
FAILED tests/integration/test_full_lifecycle.py::test_full_reservation_to_settlement_chain
======================== 1 failed, 1 warning in 2.31s =========================
