============================= test session starts =============================
platform win32 -- Python 3.13.13, pytest-9.1.1, pluggy-1.6.0 -- C:\Users\moham\Desktop\juman\backend\.venv\Scripts\python.exe
rootdir: C:\Users\moham\Desktop\juman\backend
configfile: pyproject.toml
plugins: anyio-4.14.2, asyncio-1.4.0, cov-7.1.0
asyncio: mode=Mode.AUTO, debug=False, asyncio_default_fixture_loop_scope=function, asyncio_default_test_loop_scope=function
collecting ... collected 1 item

tests/integration/test_full_lifecycle.py::test_full_reservation_to_settlement_chain FAILED [100%]

================================== FAILURES ===================================
__________________ test_full_reservation_to_settlement_chain __________________
tests\integration\test_full_lifecycle.py:305: in test_full_reservation_to_settlement_chain
    await settlement_service.create(rental_id=rental.id)  # duplicate settlement rejected
    ^^^^^^^^^^^^^^^^^^^^^^^^^^^^^^^^^^^^^^^^^^^^^^^^^^^^
app\modules\settlements\services\settlement.py:224: in create
    raise ConflictError(
E   app.exceptions.http.ConflictError: \u062a\u0648\u062c\u062f \u062a\u0633\u0648\u064a\u0629 \u0646\u0634\u0637\u0629 \u0644\u0647\u0630\u0627 \u0627\u0644\u0625\u064a\u062c\u0627\u0631 \u0645\u0633\u0628\u0642\u0627\u064b
============================== warnings summary ===============================
.venv\Lib\site-packages\fastapi\testclient.py:1
  C:\Users\moham\Desktop\juman\backend\.venv\Lib\site-packages\fastapi\testclient.py:1: StarletteDeprecationWarning: Using `httpx` with `starlette.testclient` is deprecated; install `httpx2` instead.
    from starlette.testclient import TestClient as TestClient  # noqa

-- Docs: https://docs.pytest.org/en/stable/how-to/capture-warnings.html
=========================== short test summary info ===========================
FAILED tests/integration/test_full_lifecycle.py::test_full_reservation_to_settlement_chain
======================== 1 failed, 1 warning in 3.87s =========================
